PASS src/page-components/__tests__/GuestbookPage.test.jsx
PASS src/page-components/__tests__/HomePage.a11y.test.jsx (10.384 s)
  ΓùÅ Console

    console.warn
      ΓÜá∩╕Å React Router Future Flag Warning: React Router will begin wrapping state updates in `React.startTransition` in v7. You can use the `v7_startTransition` future flag to opt-in early. For more information, see https://reactrouter.com/v6/upgrading/future#v7_starttransition.

       9 | describe('HomePage accessibility', () => {
      10 |   it('should have no accessibility violations on load', async () => {
    > 11 |     const { container } = render(
         |                                 ^
      12 |       <MemoryRouter>
      13 |         <HomePage />
      14 |       </MemoryRouter>

      at warn (node_modules/react-router/lib/deprecations.ts:9:13)
      at warnOnce (node_modules/react-router/lib/deprecations.ts:14:3)
      at logDeprecation (node_modules/react-router/lib/deprecations.ts:26:5)
      at logV6DeprecationWarnings (node_modules/react-router/lib/components.tsx:257:25)
      at commitHookEffectListMount (node_modules/react-dom/cjs/react-dom.development.js:23189:26)
      at commitPassiveMountOnFiber (node_modules/react-dom/cjs/react-dom.development.js:24970:11)
      at commitPassiveMountEffects_complete (node_modules/react-dom/cjs/react-dom.development.js:24930:9)
      at commitPassiveMountEffects_begin (node_modules/react-dom/cjs/react-dom.development.js:24917:7)
      at commitPassiveMountEffects (node_modules/react-dom/cjs/react-dom.development.js:24905:3)
      at flushPassiveEffectsImpl (node_modules/react-dom/cjs/react-dom.development.js:27078:3)
      at flushPassiveEffects (node_modules/react-dom/cjs/react-dom.development.js:27023:14)
      at node_modules/react-dom/cjs/react-dom.development.js:26808:9
      at flushActQueue (node_modules/react/cjs/react.development.js:2667:24)
      at act (node_modules/react/cjs/react.development.js:2582:11)
      at node_modules/@testing-library/react/dist/act-compat.js:47:25
      at renderRoot (node_modules/@testing-library/react/dist/pure.js:190:26)
      at render (node_modules/@testing-library/react/dist/pure.js:292:10)
      at src/page-components/__tests__/HomePage.a11y.test.jsx:11:33
      at Generator.call (src/page-components/__tests__/HomePage.a11y.test.jsx:2:1)
      at Generator._invoke [as next] (src/page-components/__tests__/HomePage.a11y.test.jsx:2:1)
      at asyncGeneratorStep (src/page-components/__tests__/HomePage.a11y.test.jsx:2:1)
      at asyncGeneratorStep (src/page-components/__tests__/HomePage.a11y.test.jsx:2:1)
      at _next (src/page-components/__tests__/HomePage.a11y.test.jsx:2:1)
      at Object.<anonymous> (src/page-components/__tests__/HomePage.a11y.test.jsx:2:1)

    console.warn
      ΓÜá∩╕Å React Router Future Flag Warning: Relative route resolution within Splat routes is changing in v7. You can use the `v7_relativeSplatPath` future flag to opt-in early. For more information, see https://reactrouter.com/v6/upgrading/future#v7_relativesplatpath.

       9 | describe('HomePage accessibility', () => {
      10 |   it('should have no accessibility violations on load', async () => {
    > 11 |     const { container } = render(
         |                                 ^
      12 |       <MemoryRouter>
      13 |         <HomePage />
      14 |       </MemoryRouter>

      at warn (node_modules/react-router/lib/deprecations.ts:9:13)
      at warnOnce (node_modules/react-router/lib/deprecations.ts:14:3)
      at logDeprecation (node_modules/react-router/lib/deprecations.ts:37:5)
      at logV6DeprecationWarnings (node_modules/react-router/lib/components.tsx:257:25)
      at commitHookEffectListMount (node_modules/react-dom/cjs/react-dom.development.js:23189:26)
      at commitPassiveMountOnFiber (node_modules/react-dom/cjs/react-dom.development.js:24970:11)
      at commitPassiveMountEffects_complete (node_modules/react-dom/cjs/react-dom.development.js:24930:9)
      at commitPassiveMountEffects_begin (node_modules/react-dom/cjs/react-dom.development.js:24917:7)
      at commitPassiveMountEffects (node_modules/react-dom/cjs/react-dom.development.js:24905:3)
      at flushPassiveEffectsImpl (node_modules/react-dom/cjs/react-dom.development.js:27078:3)
      at flushPassiveEffects (node_modules/react-dom/cjs/react-dom.development.js:27023:14)
      at node_modules/react-dom/cjs/react-dom.development.js:26808:9
      at flushActQueue (node_modules/react/cjs/react.development.js:2667:24)
      at act (node_modules/react/cjs/react.development.js:2582:11)
      at node_modules/@testing-library/react/dist/act-compat.js:47:25
      at renderRoot (node_modules/@testing-library/react/dist/pure.js:190:26)
      at render (node_modules/@testing-library/react/dist/pure.js:292:10)
      at src/page-components/__tests__/HomePage.a11y.test.jsx:11:33
      at Generator.call (src/page-components/__tests__/HomePage.a11y.test.jsx:2:1)
      at Generator._invoke [as next] (src/page-components/__tests__/HomePage.a11y.test.jsx:2:1)
      at asyncGeneratorStep (src/page-components/__tests__/HomePage.a11y.test.jsx:2:1)
      at asyncGeneratorStep (src/page-components/__tests__/HomePage.a11y.test.jsx:2:1)
      at _next (src/page-components/__tests__/HomePage.a11y.test.jsx:2:1)
      at Object.<anonymous> (src/page-components/__tests__/HomePage.a11y.test.jsx:2:1)

    console.warn
      Couldn't load preload assets:  Error: Preload assets timed out.
          at C:\Users\Austin\Downloads\wedding-website\node_modules\jest-axe\node_modules\axe-core\axe.js:19546:25
          at Timeout.task [as _onTimeout] (C:\Users\Austin\Downloads\wedding-website\node_modules\jsdom\lib\jsdom\browser\Window.js:579:19)
          at listOnTimeout (node:internal/timers:588:17)
          at processTimers (node:internal/timers:523:7)

      at node_modules/jest-axe/node_modules/axe-core/axe.js:28292:25

PASS src/components/__tests__/UploadForm.test.jsx
PASS src/__tests__/App.test.jsx
  ΓùÅ Console

    console.warn
      ΓÜá∩╕Å React Router Future Flag Warning: React Router will begin wrapping state updates in `React.startTransition` in v7. You can use the `v7_startTransition` future flag to opt-in early. For more information, see https://reactrouter.com/v6/upgrading/future#v7_starttransition.

      37 |     });
      38 |
    > 39 |     render(
         |           ^
      40 |       <MemoryRouter>
      41 |         <App />
      42 |       </MemoryRouter>

      at warn (node_modules/react-router/lib/deprecations.ts:9:13)
      at warnOnce (node_modules/react-router/lib/deprecations.ts:14:3)
      at logDeprecation (node_modules/react-router/lib/deprecations.ts:26:5)
      at logV6DeprecationWarnings (node_modules/react-router/lib/components.tsx:257:25)
      at commitHookEffectListMount (node_modules/react-dom/cjs/react-dom.development.js:23189:26)
      at commitPassiveMountOnFiber (node_modules/react-dom/cjs/react-dom.development.js:24970:11)
      at commitPassiveMountEffects_complete (node_modules/react-dom/cjs/react-dom.development.js:24930:9)
      at commitPassiveMountEffects_begin (node_modules/react-dom/cjs/react-dom.development.js:24917:7)
      at commitPassiveMountEffects (node_modules/react-dom/cjs/react-dom.development.js:24905:3)
      at flushPassiveEffectsImpl (node_modules/react-dom/cjs/react-dom.development.js:27078:3)
      at flushPassiveEffects (node_modules/react-dom/cjs/react-dom.development.js:27023:14)
      at node_modules/react-dom/cjs/react-dom.development.js:26808:9
      at flushActQueue (node_modules/react/cjs/react.development.js:2667:24)
      at act (node_modules/react/cjs/react.development.js:2582:11)
      at node_modules/@testing-library/react/dist/act-compat.js:47:25
      at renderRoot (node_modules/@testing-library/react/dist/pure.js:190:26)
      at render (node_modules/@testing-library/react/dist/pure.js:292:10)
      at Object.<anonymous> (src/__tests__/App.test.jsx:39:11)

    console.warn
      ΓÜá∩╕Å React Router Future Flag Warning: Relative route resolution within Splat routes is changing in v7. You can use the `v7_relativeSplatPath` future flag to opt-in early. For more information, see https://reactrouter.com/v6/upgrading/future#v7_relativesplatpath.

      37 |     });
      38 |
    > 39 |     render(
         |           ^
      40 |       <MemoryRouter>
      41 |         <App />
      42 |       </MemoryRouter>

      at warn (node_modules/react-router/lib/deprecations.ts:9:13)
      at warnOnce (node_modules/react-router/lib/deprecations.ts:14:3)
      at logDeprecation (node_modules/react-router/lib/deprecations.ts:37:5)
      at logV6DeprecationWarnings (node_modules/react-router/lib/components.tsx:257:25)
      at commitHookEffectListMount (node_modules/react-dom/cjs/react-dom.development.js:23189:26)
      at commitPassiveMountOnFiber (node_modules/react-dom/cjs/react-dom.development.js:24970:11)
      at commitPassiveMountEffects_complete (node_modules/react-dom/cjs/react-dom.development.js:24930:9)
      at commitPassiveMountEffects_begin (node_modules/react-dom/cjs/react-dom.development.js:24917:7)
      at commitPassiveMountEffects (node_modules/react-dom/cjs/react-dom.development.js:24905:3)
      at flushPassiveEffectsImpl (node_modules/react-dom/cjs/react-dom.development.js:27078:3)
      at flushPassiveEffects (node_modules/react-dom/cjs/react-dom.development.js:27023:14)
      at node_modules/react-dom/cjs/react-dom.development.js:26808:9
      at flushActQueue (node_modules/react/cjs/react.development.js:2667:24)
      at act (node_modules/react/cjs/react.development.js:2582:11)
      at node_modules/@testing-library/react/dist/act-compat.js:47:25
      at renderRoot (node_modules/@testing-library/react/dist/pure.js:190:26)
      at render (node_modules/@testing-library/react/dist/pure.js:292:10)
      at Object.<anonymous> (src/__tests__/App.test.jsx:39:11)

PASS src/components/__tests__/MemoryWall.test.jsx
PASS src/page-components/__tests__/AlbumPage.test.jsx
  ΓùÅ Console

    console.error
      Warning: You seem to have overlapping act() calls, this is not supported. Be sure to await previous act() calls before making a new one.

      101 |   it('renders without errors', () => {
      102 |     expect(() => {
    > 103 |       act(() => {
          |          ^
      104 |         renderWithRouter(<AlbumPage />);
      105 |       });
      106 |     }).not.toThrow();

      at printWarning (node_modules/react/cjs/react.development.js:209:30)
      at error (node_modules/react/cjs/react.development.js:183:7)
      at popActScope (node_modules/react/cjs/react.development.js:2620:7)
      at act (node_modules/react/cjs/react.development.js:2575:7)
      at node_modules/@testing-library/react/dist/act-compat.js:47:25
      at src/page-components/__tests__/AlbumPage.test.jsx:103:10
      at Object.<anonymous> (node_modules/expect/build/index.js:1824:9)
      at Object.throwingMatcher [as toThrow] (node_modules/expect/build/index.js:2235:93)
      at Object.toThrow (src/page-components/__tests__/AlbumPage.test.jsx:106:12)

    console.error
      Warning: You seem to have overlapping act() calls, this is not supported. Be sure to await previous act() calls before making a new one.

      at printWarning (node_modules/react/cjs/react.development.js:209:30)
      at error (node_modules/react/cjs/react.development.js:183:7)
      at popActScope (node_modules/react/cjs/react.development.js:2620:7)
      at node_modules/react/cjs/react.development.js:2540:13

PASS src/components/__tests__/PasswordPrompt.test.jsx
PASS backend/routes/__tests__/mapRoutes.test.js
PASS src/components/__tests__/PhotoGallery.test.jsx
PASS src/components/__tests__/VideoPlayer.test.jsx
PASS src/components/VideoPlayer.test.jsx
PASS src/page-components/__tests__/WeddingPartyPage.a11y.test.jsx
  ΓùÅ Console

    console.warn
      ΓÜá∩╕Å React Router Future Flag Warning: React Router will begin wrapping state updates in `React.startTransition` in v7. You can use the `v7_startTransition` future flag to opt-in early. For more information, see https://reactrouter.com/v6/upgrading/future#v7_starttransition.

       9 | describe('WeddingPartyPage accessibility', () => {
      10 |   it('should have no accessibility violations on load', async () => {
    > 11 |     const { container } = render(
         |                                 ^
      12 |       <MemoryRouter>
      13 |         <WeddingPartyPage />
      14 |       </MemoryRouter>

      at warn (node_modules/react-router/lib/deprecations.ts:9:13)
      at warnOnce (node_modules/react-router/lib/deprecations.ts:14:3)
      at logDeprecation (node_modules/react-router/lib/deprecations.ts:26:5)
      at logV6DeprecationWarnings (node_modules/react-router/lib/components.tsx:257:25)
      at commitHookEffectListMount (node_modules/react-dom/cjs/react-dom.development.js:23189:26)
      at commitPassiveMountOnFiber (node_modules/react-dom/cjs/react-dom.development.js:24970:11)
      at commitPassiveMountEffects_complete (node_modules/react-dom/cjs/react-dom.development.js:24930:9)
      at commitPassiveMountEffects_begin (node_modules/react-dom/cjs/react-dom.development.js:24917:7)
      at commitPassiveMountEffects (node_modules/react-dom/cjs/react-dom.development.js:24905:3)
      at flushPassiveEffectsImpl (node_modules/react-dom/cjs/react-dom.development.js:27078:3)
      at flushPassiveEffects (node_modules/react-dom/cjs/react-dom.development.js:27023:14)
      at node_modules/react-dom/cjs/react-dom.development.js:26808:9
      at flushActQueue (node_modules/react/cjs/react.development.js:2667:24)
      at act (node_modules/react/cjs/react.development.js:2582:11)
      at node_modules/@testing-library/react/dist/act-compat.js:47:25
      at renderRoot (node_modules/@testing-library/react/dist/pure.js:190:26)
      at render (node_modules/@testing-library/react/dist/pure.js:292:10)
      at src/page-components/__tests__/WeddingPartyPage.a11y.test.jsx:11:33
      at Generator.call (src/page-components/__tests__/WeddingPartyPage.a11y.test.jsx:2:1)
      at Generator._invoke [as next] (src/page-components/__tests__/WeddingPartyPage.a11y.test.jsx:2:1)
      at asyncGeneratorStep (src/page-components/__tests__/WeddingPartyPage.a11y.test.jsx:2:1)
      at asyncGeneratorStep (src/page-components/__tests__/WeddingPartyPage.a11y.test.jsx:2:1)
      at _next (src/page-components/__tests__/WeddingPartyPage.a11y.test.jsx:2:1)
      at Object.<anonymous> (src/page-components/__tests__/WeddingPartyPage.a11y.test.jsx:2:1)

    console.warn
      ΓÜá∩╕Å React Router Future Flag Warning: Relative route resolution within Splat routes is changing in v7. You can use the `v7_relativeSplatPath` future flag to opt-in early. For more information, see https://reactrouter.com/v6/upgrading/future#v7_relativesplatpath.

       9 | describe('WeddingPartyPage accessibility', () => {
      10 |   it('should have no accessibility violations on load', async () => {
    > 11 |     const { container } = render(
         |                                 ^
      12 |       <MemoryRouter>
      13 |         <WeddingPartyPage />
      14 |       </MemoryRouter>

      at warn (node_modules/react-router/lib/deprecations.ts:9:13)
      at warnOnce (node_modules/react-router/lib/deprecations.ts:14:3)
      at logDeprecation (node_modules/react-router/lib/deprecations.ts:37:5)
      at logV6DeprecationWarnings (node_modules/react-router/lib/components.tsx:257:25)
      at commitHookEffectListMount (node_modules/react-dom/cjs/react-dom.development.js:23189:26)
      at commitPassiveMountOnFiber (node_modules/react-dom/cjs/react-dom.development.js:24970:11)
      at commitPassiveMountEffects_complete (node_modules/react-dom/cjs/react-dom.development.js:24930:9)
      at commitPassiveMountEffects_begin (node_modules/react-dom/cjs/react-dom.development.js:24917:7)
      at commitPassiveMountEffects (node_modules/react-dom/cjs/react-dom.development.js:24905:3)
      at flushPassiveEffectsImpl (node_modules/react-dom/cjs/react-dom.development.js:27078:3)
      at flushPassiveEffects (node_modules/react-dom/cjs/react-dom.development.js:27023:14)
      at node_modules/react-dom/cjs/react-dom.development.js:26808:9
      at flushActQueue (node_modules/react/cjs/react.development.js:2667:24)
      at act (node_modules/react/cjs/react.development.js:2582:11)
      at node_modules/@testing-library/react/dist/act-compat.js:47:25
      at renderRoot (node_modules/@testing-library/react/dist/pure.js:190:26)
      at render (node_modules/@testing-library/react/dist/pure.js:292:10)
      at src/page-components/__tests__/WeddingPartyPage.a11y.test.jsx:11:33
      at Generator.call (src/page-components/__tests__/WeddingPartyPage.a11y.test.jsx:2:1)
      at Generator._invoke [as next] (src/page-components/__tests__/WeddingPartyPage.a11y.test.jsx:2:1)
      at asyncGeneratorStep (src/page-components/__tests__/WeddingPartyPage.a11y.test.jsx:2:1)
      at asyncGeneratorStep (src/page-components/__tests__/WeddingPartyPage.a11y.test.jsx:2:1)
      at _next (src/page-components/__tests__/WeddingPartyPage.a11y.test.jsx:2:1)
      at Object.<anonymous> (src/page-components/__tests__/WeddingPartyPage.a11y.test.jsx:2:1)

PASS src/page-components/__tests__/MapPage.a11y.test.jsx
  ΓùÅ Console

    console.warn
      ΓÜá∩╕Å React Router Future Flag Warning: React Router will begin wrapping state updates in `React.startTransition` in v7. You can use the `v7_startTransition` future flag to opt-in early. For more information, see https://reactrouter.com/v6/upgrading/future#v7_starttransition.

       9 | describe('MapPage accessibility', () => {
      10 |   it('should have no accessibility violations on load', async () => {
    > 11 |     const { container } = render(
         |                                 ^
      12 |       <MemoryRouter>
      13 |         <MapPage />
      14 |       </MemoryRouter>

      at warn (node_modules/react-router/lib/deprecations.ts:9:13)
      at warnOnce (node_modules/react-router/lib/deprecations.ts:14:3)
      at logDeprecation (node_modules/react-router/lib/deprecations.ts:26:5)
      at logV6DeprecationWarnings (node_modules/react-router/lib/components.tsx:257:25)
      at commitHookEffectListMount (node_modules/react-dom/cjs/react-dom.development.js:23189:26)
      at commitPassiveMountOnFiber (node_modules/react-dom/cjs/react-dom.development.js:24970:11)
      at commitPassiveMountEffects_complete (node_modules/react-dom/cjs/react-dom.development.js:24930:9)
      at commitPassiveMountEffects_begin (node_modules/react-dom/cjs/react-dom.development.js:24917:7)
      at commitPassiveMountEffects (node_modules/react-dom/cjs/react-dom.development.js:24905:3)
      at flushPassiveEffectsImpl (node_modules/react-dom/cjs/react-dom.development.js:27078:3)
      at flushPassiveEffects (node_modules/react-dom/cjs/react-dom.development.js:27023:14)
      at node_modules/react-dom/cjs/react-dom.development.js:26808:9
      at flushActQueue (node_modules/react/cjs/react.development.js:2667:24)
      at act (node_modules/react/cjs/react.development.js:2582:11)
      at node_modules/@testing-library/react/dist/act-compat.js:47:25
      at renderRoot (node_modules/@testing-library/react/dist/pure.js:190:26)
      at render (node_modules/@testing-library/react/dist/pure.js:292:10)
      at src/page-components/__tests__/MapPage.a11y.test.jsx:11:33
      at Generator.call (src/page-components/__tests__/MapPage.a11y.test.jsx:2:1)
      at Generator._invoke [as next] (src/page-components/__tests__/MapPage.a11y.test.jsx:2:1)
      at asyncGeneratorStep (src/page-components/__tests__/MapPage.a11y.test.jsx:2:1)
      at asyncGeneratorStep (src/page-components/__tests__/MapPage.a11y.test.jsx:2:1)
      at _next (src/page-components/__tests__/MapPage.a11y.test.jsx:2:1)
      at Object.<anonymous> (src/page-components/__tests__/MapPage.a11y.test.jsx:2:1)

    console.warn
      ΓÜá∩╕Å React Router Future Flag Warning: Relative route resolution within Splat routes is changing in v7. You can use the `v7_relativeSplatPath` future flag to opt-in early. For more information, see https://reactrouter.com/v6/upgrading/future#v7_relativesplatpath.

       9 | describe('MapPage accessibility', () => {
      10 |   it('should have no accessibility violations on load', async () => {
    > 11 |     const { container } = render(
         |                                 ^
      12 |       <MemoryRouter>
      13 |         <MapPage />
      14 |       </MemoryRouter>

      at warn (node_modules/react-router/lib/deprecations.ts:9:13)
      at warnOnce (node_modules/react-router/lib/deprecations.ts:14:3)
      at logDeprecation (node_modules/react-router/lib/deprecations.ts:37:5)
      at logV6DeprecationWarnings (node_modules/react-router/lib/components.tsx:257:25)
      at commitHookEffectListMount (node_modules/react-dom/cjs/react-dom.development.js:23189:26)
      at commitPassiveMountOnFiber (node_modules/react-dom/cjs/react-dom.development.js:24970:11)
      at commitPassiveMountEffects_complete (node_modules/react-dom/cjs/react-dom.development.js:24930:9)
      at commitPassiveMountEffects_begin (node_modules/react-dom/cjs/react-dom.development.js:24917:7)
      at commitPassiveMountEffects (node_modules/react-dom/cjs/react-dom.development.js:24905:3)
      at flushPassiveEffectsImpl (node_modules/react-dom/cjs/react-dom.development.js:27078:3)
      at flushPassiveEffects (node_modules/react-dom/cjs/react-dom.development.js:27023:14)
      at node_modules/react-dom/cjs/react-dom.development.js:26808:9
      at flushActQueue (node_modules/react/cjs/react.development.js:2667:24)
      at act (node_modules/react/cjs/react.development.js:2582:11)
      at node_modules/@testing-library/react/dist/act-compat.js:47:25
      at renderRoot (node_modules/@testing-library/react/dist/pure.js:190:26)
      at render (node_modules/@testing-library/react/dist/pure.js:292:10)
      at src/page-components/__tests__/MapPage.a11y.test.jsx:11:33
      at Generator.call (src/page-components/__tests__/MapPage.a11y.test.jsx:2:1)
      at Generator._invoke [as next] (src/page-components/__tests__/MapPage.a11y.test.jsx:2:1)
      at asyncGeneratorStep (src/page-components/__tests__/MapPage.a11y.test.jsx:2:1)
      at asyncGeneratorStep (src/page-components/__tests__/MapPage.a11y.test.jsx:2:1)
      at _next (src/page-components/__tests__/MapPage.a11y.test.jsx:2:1)
      at Object.<anonymous> (src/page-components/__tests__/MapPage.a11y.test.jsx:2:1)

    console.error
      Warning: An update to MapPage inside a test was not wrapped in act(...).
      
      When testing, code that causes React state updates should be wrapped into act(...):
      
      act(() => {
        /* fire events that update state */
      });
      /* assert on the output */
      
      This ensures that you're testing the behavior the user would see in the browser. Learn more at https://reactjs.org/link/wrap-tests-with-act
          at MapPage (C:\Users\Austin\Downloads\wedding-website\src\page-components\MapPage.jsx:9:35)
          at basenameProp (C:\Users\Austin\Downloads\wedding-website\node_modules\react-router\lib\components.tsx:421:13)
          at basename (C:\Users\Austin\Downloads\wedding-website\node_modules\react-router\lib\components.tsx:225:3)

      18 |       try {
      19 |         const response = await getPins();
    > 20 |         setPins(response.data);
         |         ^
      21 |       } catch {
      22 |         setError('Could not load map pins. Please try again later.');
      23 |       } finally {

      at printWarning (node_modules/react-dom/cjs/react-dom.development.js:86:30)
      at error (node_modules/react-dom/cjs/react-dom.development.js:60:7)
      at warnIfUpdatesNotWrappedWithActDEV (node_modules/react-dom/cjs/react-dom.development.js:27628:9)
      at scheduleUpdateOnFiber (node_modules/react-dom/cjs/react-dom.development.js:25547:5)
      at dispatchSetState (node_modules/react-dom/cjs/react-dom.development.js:16708:7)
      at setPins (src/page-components/MapPage.jsx:20:9)
      at Generator.call (src/page-components/MapPage.jsx:2:1)
      at Generator._invoke [as next] (src/page-components/MapPage.jsx:2:1)
      at asyncGeneratorStep (src/page-components/MapPage.jsx:2:1)
      at asyncGeneratorStep (src/page-components/MapPage.jsx:2:1)

    console.error
      Warning: An update to MapPage inside a test was not wrapped in act(...).
      
      When testing, code that causes React state updates should be wrapped into act(...):
      
      act(() => {
        /* fire events that update state */
      });
      /* assert on the output */
      
      This ensures that you're testing the behavior the user would see in the browser. Learn more at https://reactjs.org/link/wrap-tests-with-act
          at MapPage (C:\Users\Austin\Downloads\wedding-website\src\page-components\MapPage.jsx:9:35)
          at basenameProp (C:\Users\Austin\Downloads\wedding-website\node_modules\react-router\lib\components.tsx:421:13)
          at basename (C:\Users\Austin\Downloads\wedding-website\node_modules\react-router\lib\components.tsx:225:3)

      22 |         setError('Could not load map pins. Please try again later.');
      23 |       } finally {
    > 24 |         setIsLoading(false);
         |         ^
      25 |       }
      26 |     };
      27 |     fetchPins();

      at printWarning (node_modules/react-dom/cjs/react-dom.development.js:86:30)
      at error (node_modules/react-dom/cjs/react-dom.development.js:60:7)
      at warnIfUpdatesNotWrappedWithActDEV (node_modules/react-dom/cjs/react-dom.development.js:27628:9)
      at scheduleUpdateOnFiber (node_modules/react-dom/cjs/react-dom.development.js:25547:5)
      at dispatchSetState (node_modules/react-dom/cjs/react-dom.development.js:16708:7)
      at setIsLoading (src/page-components/MapPage.jsx:24:9)
      at Generator.call (src/page-components/MapPage.jsx:2:1)
      at Generator._invoke [as next] (src/page-components/MapPage.jsx:2:1)
      at asyncGeneratorStep (src/page-components/MapPage.jsx:2:1)
      at asyncGeneratorStep (src/page-components/MapPage.jsx:2:1)

    console.error
      Warning: An update to ForwardRef(MapContainerComponent) inside a test was not wrapped in act(...).
      
      When testing, code that causes React state updates should be wrapped into act(...):
      
      act(() => {
        /* fire events that update state */
      });
      /* assert on the output */
      
      This ensures that you're testing the behavior the user would see in the browser. Learn more at https://reactjs.org/link/wrap-tests-with-act
          at bounds (C:\Users\Austin\Downloads\wedding-website\node_modules\react-leaflet\lib\MapContainer.js:18:34)
          at div
          at MapPage (C:\Users\Austin\Downloads\wedding-website\src\page-components\MapPage.jsx:9:35)
          at basenameProp (C:\Users\Austin\Downloads\wedding-website\node_modules\react-router\lib\components.tsx:421:13)
          at basename (C:\Users\Austin\Downloads\wedding-website\node_modules\react-router\lib\components.tsx:225:3)

      at printWarning (node_modules/react-dom/cjs/react-dom.development.js:86:30)
      at error (node_modules/react-dom/cjs/react-dom.development.js:60:7)
      at warnIfUpdatesNotWrappedWithActDEV (node_modules/react-dom/cjs/react-dom.development.js:27628:9)
      at scheduleUpdateOnFiber (node_modules/react-dom/cjs/react-dom.development.js:25547:5)
      at dispatchSetState (node_modules/react-dom/cjs/react-dom.development.js:16708:7)
      at setContext (node_modules/react-leaflet/lib/MapContainer.js:39:13)
      at commitAttachRef (node_modules/react-dom/cjs/react-dom.development.js:23689:18)
      at commitLayoutEffectOnFiber (node_modules/react-dom/cjs/react-dom.development.js:23542:9)
      at commitLayoutMountEffects_complete (node_modules/react-dom/cjs/react-dom.development.js:24727:9)
      at commitLayoutEffects_begin (node_modules/react-dom/cjs/react-dom.development.js:24713:7)
      at commitLayoutEffects (node_modules/react-dom/cjs/react-dom.development.js:24651:3)
      at commitRootImpl (node_modules/react-dom/cjs/react-dom.development.js:26862:5)
      at commitRoot (node_modules/react-dom/cjs/react-dom.development.js:26721:5)
      at finishConcurrentRender (node_modules/react-dom/cjs/react-dom.development.js:26020:9)
      at performConcurrentWorkOnRoot (node_modules/react-dom/cjs/react-dom.development.js:25848:7)
      at workLoop (node_modules/scheduler/cjs/scheduler.development.js:266:34)
      at flushWork (node_modules/scheduler/cjs/scheduler.development.js:239:14)
      at performWorkUntilDeadline (node_modules/scheduler/cjs/scheduler.development.js:533:21)
      at Timeout.task [as _onTimeout] (node_modules/jsdom/lib/jsdom/browser/Window.js:579:19)

PASS src/page-components/__tests__/FamilyTreePage.a11y.test.jsx
  ΓùÅ Console

    console.warn
      ΓÜá∩╕Å React Router Future Flag Warning: React Router will begin wrapping state updates in `React.startTransition` in v7. You can use the `v7_startTransition` future flag to opt-in early. For more information, see https://reactrouter.com/v6/upgrading/future#v7_starttransition.

       9 | describe('FamilyTreePage accessibility', () => {
      10 |   it('should have no accessibility violations on load', async () => {
    > 11 |     const { container } = render(
         |                                 ^
      12 |       <MemoryRouter>
      13 |         <FamilyTreePage />
      14 |       </MemoryRouter>

      at warn (node_modules/react-router/lib/deprecations.ts:9:13)
      at warnOnce (node_modules/react-router/lib/deprecations.ts:14:3)
      at logDeprecation (node_modules/react-router/lib/deprecations.ts:26:5)
      at logV6DeprecationWarnings (node_modules/react-router/lib/components.tsx:257:25)
      at commitHookEffectListMount (node_modules/react-dom/cjs/react-dom.development.js:23189:26)
      at commitPassiveMountOnFiber (node_modules/react-dom/cjs/react-dom.development.js:24970:11)
      at commitPassiveMountEffects_complete (node_modules/react-dom/cjs/react-dom.development.js:24930:9)
      at commitPassiveMountEffects_begin (node_modules/react-dom/cjs/react-dom.development.js:24917:7)
      at commitPassiveMountEffects (node_modules/react-dom/cjs/react-dom.development.js:24905:3)
      at flushPassiveEffectsImpl (node_modules/react-dom/cjs/react-dom.development.js:27078:3)
      at flushPassiveEffects (node_modules/react-dom/cjs/react-dom.development.js:27023:14)
      at node_modules/react-dom/cjs/react-dom.development.js:26808:9
      at flushActQueue (node_modules/react/cjs/react.development.js:2667:24)
      at act (node_modules/react/cjs/react.development.js:2582:11)
      at node_modules/@testing-library/react/dist/act-compat.js:47:25
      at renderRoot (node_modules/@testing-library/react/dist/pure.js:190:26)
      at render (node_modules/@testing-library/react/dist/pure.js:292:10)
      at src/page-components/__tests__/FamilyTreePage.a11y.test.jsx:11:33
      at Generator.call (src/page-components/__tests__/FamilyTreePage.a11y.test.jsx:2:1)
      at Generator._invoke [as next] (src/page-components/__tests__/FamilyTreePage.a11y.test.jsx:2:1)
      at asyncGeneratorStep (src/page-components/__tests__/FamilyTreePage.a11y.test.jsx:2:1)
      at asyncGeneratorStep (src/page-components/__tests__/FamilyTreePage.a11y.test.jsx:2:1)
      at _next (src/page-components/__tests__/FamilyTreePage.a11y.test.jsx:2:1)
      at Object.<anonymous> (src/page-components/__tests__/FamilyTreePage.a11y.test.jsx:2:1)

    console.warn
      ΓÜá∩╕Å React Router Future Flag Warning: Relative route resolution within Splat routes is changing in v7. You can use the `v7_relativeSplatPath` future flag to opt-in early. For more information, see https://reactrouter.com/v6/upgrading/future#v7_relativesplatpath.

       9 | describe('FamilyTreePage accessibility', () => {
      10 |   it('should have no accessibility violations on load', async () => {
    > 11 |     const { container } = render(
         |                                 ^
      12 |       <MemoryRouter>
      13 |         <FamilyTreePage />
      14 |       </MemoryRouter>

      at warn (node_modules/react-router/lib/deprecations.ts:9:13)
      at warnOnce (node_modules/react-router/lib/deprecations.ts:14:3)
      at logDeprecation (node_modules/react-router/lib/deprecations.ts:37:5)
      at logV6DeprecationWarnings (node_modules/react-router/lib/components.tsx:257:25)
      at commitHookEffectListMount (node_modules/react-dom/cjs/react-dom.development.js:23189:26)
      at commitPassiveMountOnFiber (node_modules/react-dom/cjs/react-dom.development.js:24970:11)
      at commitPassiveMountEffects_complete (node_modules/react-dom/cjs/react-dom.development.js:24930:9)
      at commitPassiveMountEffects_begin (node_modules/react-dom/cjs/react-dom.development.js:24917:7)
      at commitPassiveMountEffects (node_modules/react-dom/cjs/react-dom.development.js:24905:3)
      at flushPassiveEffectsImpl (node_modules/react-dom/cjs/react-dom.development.js:27078:3)
      at flushPassiveEffects (node_modules/react-dom/cjs/react-dom.development.js:27023:14)
      at node_modules/react-dom/cjs/react-dom.development.js:26808:9
      at flushActQueue (node_modules/react/cjs/react.development.js:2667:24)
      at act (node_modules/react/cjs/react.development.js:2582:11)
      at node_modules/@testing-library/react/dist/act-compat.js:47:25
      at renderRoot (node_modules/@testing-library/react/dist/pure.js:190:26)
      at render (node_modules/@testing-library/react/dist/pure.js:292:10)
      at src/page-components/__tests__/FamilyTreePage.a11y.test.jsx:11:33
      at Generator.call (src/page-components/__tests__/FamilyTreePage.a11y.test.jsx:2:1)
      at Generator._invoke [as next] (src/page-components/__tests__/FamilyTreePage.a11y.test.jsx:2:1)
      at asyncGeneratorStep (src/page-components/__tests__/FamilyTreePage.a11y.test.jsx:2:1)
      at asyncGeneratorStep (src/page-components/__tests__/FamilyTreePage.a11y.test.jsx:2:1)
      at _next (src/page-components/__tests__/FamilyTreePage.a11y.test.jsx:2:1)
      at Object.<anonymous> (src/page-components/__tests__/FamilyTreePage.a11y.test.jsx:2:1)

PASS backend/routes/__tests__/guestbookRoutes.test.js
PASS backend/controllers/__tests__/guestbookController.test.js
PASS src/page-components/__tests__/AlbumPage.a11y.test.jsx
  ΓùÅ Console

    console.warn
      ΓÜá∩╕Å React Router Future Flag Warning: React Router will begin wrapping state updates in `React.startTransition` in v7. You can use the `v7_startTransition` future flag to opt-in early. For more information, see https://reactrouter.com/v6/upgrading/future#v7_starttransition.

       9 | describe('AlbumPage accessibility', () => {
      10 |   it('should have no accessibility violations on load', async () => {
    > 11 |     const { container } = render(
         |                                 ^
      12 |       <MemoryRouter>
      13 |         <AlbumPage />
      14 |       </MemoryRouter>

      at warn (node_modules/react-router/lib/deprecations.ts:9:13)
      at warnOnce (node_modules/react-router/lib/deprecations.ts:14:3)
      at logDeprecation (node_modules/react-router/lib/deprecations.ts:26:5)
      at logV6DeprecationWarnings (node_modules/react-router/lib/components.tsx:257:25)
      at commitHookEffectListMount (node_modules/react-dom/cjs/react-dom.development.js:23189:26)
      at commitPassiveMountOnFiber (node_modules/react-dom/cjs/react-dom.development.js:24970:11)
      at commitPassiveMountEffects_complete (node_modules/react-dom/cjs/react-dom.development.js:24930:9)
      at commitPassiveMountEffects_begin (node_modules/react-dom/cjs/react-dom.development.js:24917:7)
      at commitPassiveMountEffects (node_modules/react-dom/cjs/react-dom.development.js:24905:3)
      at flushPassiveEffectsImpl (node_modules/react-dom/cjs/react-dom.development.js:27078:3)
      at flushPassiveEffects (node_modules/react-dom/cjs/react-dom.development.js:27023:14)
      at node_modules/react-dom/cjs/react-dom.development.js:26808:9
      at flushActQueue (node_modules/react/cjs/react.development.js:2667:24)
      at act (node_modules/react/cjs/react.development.js:2582:11)
      at node_modules/@testing-library/react/dist/act-compat.js:47:25
      at renderRoot (node_modules/@testing-library/react/dist/pure.js:190:26)
      at render (node_modules/@testing-library/react/dist/pure.js:292:10)
      at src/page-components/__tests__/AlbumPage.a11y.test.jsx:11:33
      at Generator.call (src/page-components/__tests__/AlbumPage.a11y.test.jsx:2:1)
      at Generator._invoke [as next] (src/page-components/__tests__/AlbumPage.a11y.test.jsx:2:1)
      at asyncGeneratorStep (src/page-components/__tests__/AlbumPage.a11y.test.jsx:2:1)
      at asyncGeneratorStep (src/page-components/__tests__/AlbumPage.a11y.test.jsx:2:1)
      at _next (src/page-components/__tests__/AlbumPage.a11y.test.jsx:2:1)
      at Object.<anonymous> (src/page-components/__tests__/AlbumPage.a11y.test.jsx:2:1)

    console.warn
      ΓÜá∩╕Å React Router Future Flag Warning: Relative route resolution within Splat routes is changing in v7. You can use the `v7_relativeSplatPath` future flag to opt-in early. For more information, see https://reactrouter.com/v6/upgrading/future#v7_relativesplatpath.

       9 | describe('AlbumPage accessibility', () => {
      10 |   it('should have no accessibility violations on load', async () => {
    > 11 |     const { container } = render(
         |                                 ^
      12 |       <MemoryRouter>
      13 |         <AlbumPage />
      14 |       </MemoryRouter>

      at warn (node_modules/react-router/lib/deprecations.ts:9:13)
      at warnOnce (node_modules/react-router/lib/deprecations.ts:14:3)
      at logDeprecation (node_modules/react-router/lib/deprecations.ts:37:5)
      at logV6DeprecationWarnings (node_modules/react-router/lib/components.tsx:257:25)
      at commitHookEffectListMount (node_modules/react-dom/cjs/react-dom.development.js:23189:26)
      at commitPassiveMountOnFiber (node_modules/react-dom/cjs/react-dom.development.js:24970:11)
      at commitPassiveMountEffects_complete (node_modules/react-dom/cjs/react-dom.development.js:24930:9)
      at commitPassiveMountEffects_begin (node_modules/react-dom/cjs/react-dom.development.js:24917:7)
      at commitPassiveMountEffects (node_modules/react-dom/cjs/react-dom.development.js:24905:3)
      at flushPassiveEffectsImpl (node_modules/react-dom/cjs/react-dom.development.js:27078:3)
      at flushPassiveEffects (node_modules/react-dom/cjs/react-dom.development.js:27023:14)
      at node_modules/react-dom/cjs/react-dom.development.js:26808:9
      at flushActQueue (node_modules/react/cjs/react.development.js:2667:24)
      at act (node_modules/react/cjs/react.development.js:2582:11)
      at node_modules/@testing-library/react/dist/act-compat.js:47:25
      at renderRoot (node_modules/@testing-library/react/dist/pure.js:190:26)
      at render (node_modules/@testing-library/react/dist/pure.js:292:10)
      at src/page-components/__tests__/AlbumPage.a11y.test.jsx:11:33
      at Generator.call (src/page-components/__tests__/AlbumPage.a11y.test.jsx:2:1)
      at Generator._invoke [as next] (src/page-components/__tests__/AlbumPage.a11y.test.jsx:2:1)
      at asyncGeneratorStep (src/page-components/__tests__/AlbumPage.a11y.test.jsx:2:1)
      at asyncGeneratorStep (src/page-components/__tests__/AlbumPage.a11y.test.jsx:2:1)
      at _next (src/page-components/__tests__/AlbumPage.a11y.test.jsx:2:1)
      at Object.<anonymous> (src/page-components/__tests__/AlbumPage.a11y.test.jsx:2:1)

    console.error
      Warning: An update to AlbumPage inside a test was not wrapped in act(...).
      
      When testing, code that causes React state updates should be wrapped into act(...):
      
      act(() => {
        /* fire events that update state */
      });
      /* assert on the output */
      
      This ensures that you're testing the behavior the user would see in the browser. Learn more at https://reactjs.org/link/wrap-tests-with-act
          at AlbumPage (C:\Users\Austin\Downloads\wedding-website\src\page-components\AlbumPage.jsx:8:39)
          at basenameProp (C:\Users\Austin\Downloads\wedding-website\node_modules\react-router\lib\components.tsx:421:13)
          at basename (C:\Users\Austin\Downloads\wedding-website\node_modules\react-router\lib\components.tsx:225:3)

      15 |       setIsLoading(true);
      16 |       const response = await getAlbumMedia();
    > 17 |       setPhotos(response.data);
         |       ^
      18 |       setIsLoading(false);
      19 |     };
      20 |     fetchPhotos();

      at printWarning (node_modules/react-dom/cjs/react-dom.development.js:86:30)
      at error (node_modules/react-dom/cjs/react-dom.development.js:60:7)
      at warnIfUpdatesNotWrappedWithActDEV (node_modules/react-dom/cjs/react-dom.development.js:27628:9)
      at scheduleUpdateOnFiber (node_modules/react-dom/cjs/react-dom.development.js:25547:5)
      at dispatchSetState (node_modules/react-dom/cjs/react-dom.development.js:16708:7)
      at setPhotos (src/page-components/AlbumPage.jsx:17:7)
      at Generator.call (src/page-components/AlbumPage.jsx:2:1)
      at Generator._invoke [as next] (src/page-components/AlbumPage.jsx:2:1)
      at asyncGeneratorStep (src/page-components/AlbumPage.jsx:2:1)
      at asyncGeneratorStep (src/page-components/AlbumPage.jsx:2:1)

    console.error
      Warning: An update to AlbumPage inside a test was not wrapped in act(...).
      
      When testing, code that causes React state updates should be wrapped into act(...):
      
      act(() => {
        /* fire events that update state */
      });
      /* assert on the output */
      
      This ensures that you're testing the behavior the user would see in the browser. Learn more at https://reactjs.org/link/wrap-tests-with-act
          at AlbumPage (C:\Users\Austin\Downloads\wedding-website\src\page-components\AlbumPage.jsx:8:39)
          at basenameProp (C:\Users\Austin\Downloads\wedding-website\node_modules\react-router\lib\components.tsx:421:13)
          at basename (C:\Users\Austin\Downloads\wedding-website\node_modules\react-router\lib\components.tsx:225:3)

      16 |       const response = await getAlbumMedia();
      17 |       setPhotos(response.data);
    > 18 |       setIsLoading(false);
         |       ^
      19 |     };
      20 |     fetchPhotos();
      21 |   }, []);

      at printWarning (node_modules/react-dom/cjs/react-dom.development.js:86:30)
      at error (node_modules/react-dom/cjs/react-dom.development.js:60:7)
      at warnIfUpdatesNotWrappedWithActDEV (node_modules/react-dom/cjs/react-dom.development.js:27628:9)
      at scheduleUpdateOnFiber (node_modules/react-dom/cjs/react-dom.development.js:25547:5)
      at dispatchSetState (node_modules/react-dom/cjs/react-dom.development.js:16708:7)
      at setIsLoading (src/page-components/AlbumPage.jsx:18:7)
      at Generator.call (src/page-components/AlbumPage.jsx:2:1)
      at Generator._invoke [as next] (src/page-components/AlbumPage.jsx:2:1)
      at asyncGeneratorStep (src/page-components/AlbumPage.jsx:2:1)
      at asyncGeneratorStep (src/page-components/AlbumPage.jsx:2:1)

PASS src/page-components/__tests__/AdminPage.a11y.test.jsx
  ΓùÅ Console

    console.warn
      ΓÜá∩╕Å React Router Future Flag Warning: React Router will begin wrapping state updates in `React.startTransition` in v7. You can use the `v7_startTransition` future flag to opt-in early. For more information, see https://reactrouter.com/v6/upgrading/future#v7_starttransition.

       9 | describe('AdminPage accessibility', () => {
      10 |   it('should have no accessibility violations on load', async () => {
    > 11 |     const { container } = render(
         |                                 ^
      12 |       <MemoryRouter>
      13 |         <AdminPage />
      14 |       </MemoryRouter>

      at warn (node_modules/react-router/lib/deprecations.ts:9:13)
      at warnOnce (node_modules/react-router/lib/deprecations.ts:14:3)
      at logDeprecation (node_modules/react-router/lib/deprecations.ts:26:5)
      at logV6DeprecationWarnings (node_modules/react-router/lib/components.tsx:257:25)
      at commitHookEffectListMount (node_modules/react-dom/cjs/react-dom.development.js:23189:26)
      at commitPassiveMountOnFiber (node_modules/react-dom/cjs/react-dom.development.js:24970:11)
      at commitPassiveMountEffects_complete (node_modules/react-dom/cjs/react-dom.development.js:24930:9)
      at commitPassiveMountEffects_begin (node_modules/react-dom/cjs/react-dom.development.js:24917:7)
      at commitPassiveMountEffects (node_modules/react-dom/cjs/react-dom.development.js:24905:3)
      at flushPassiveEffectsImpl (node_modules/react-dom/cjs/react-dom.development.js:27078:3)
      at flushPassiveEffects (node_modules/react-dom/cjs/react-dom.development.js:27023:14)
      at node_modules/react-dom/cjs/react-dom.development.js:26808:9
      at flushActQueue (node_modules/react/cjs/react.development.js:2667:24)
      at act (node_modules/react/cjs/react.development.js:2582:11)
      at node_modules/@testing-library/react/dist/act-compat.js:47:25
      at renderRoot (node_modules/@testing-library/react/dist/pure.js:190:26)
      at render (node_modules/@testing-library/react/dist/pure.js:292:10)
      at src/page-components/__tests__/AdminPage.a11y.test.jsx:11:33
      at Generator.call (src/page-components/__tests__/AdminPage.a11y.test.jsx:2:1)
      at Generator._invoke [as next] (src/page-components/__tests__/AdminPage.a11y.test.jsx:2:1)
      at asyncGeneratorStep (src/page-components/__tests__/AdminPage.a11y.test.jsx:2:1)
      at asyncGeneratorStep (src/page-components/__tests__/AdminPage.a11y.test.jsx:2:1)
      at _next (src/page-components/__tests__/AdminPage.a11y.test.jsx:2:1)
      at Object.<anonymous> (src/page-components/__tests__/AdminPage.a11y.test.jsx:2:1)

    console.warn
      ΓÜá∩╕Å React Router Future Flag Warning: Relative route resolution within Splat routes is changing in v7. You can use the `v7_relativeSplatPath` future flag to opt-in early. For more information, see https://reactrouter.com/v6/upgrading/future#v7_relativesplatpath.

       9 | describe('AdminPage accessibility', () => {
      10 |   it('should have no accessibility violations on load', async () => {
    > 11 |     const { container } = render(
         |                                 ^
      12 |       <MemoryRouter>
      13 |         <AdminPage />
      14 |       </MemoryRouter>

      at warn (node_modules/react-router/lib/deprecations.ts:9:13)
      at warnOnce (node_modules/react-router/lib/deprecations.ts:14:3)
      at logDeprecation (node_modules/react-router/lib/deprecations.ts:37:5)
      at logV6DeprecationWarnings (node_modules/react-router/lib/components.tsx:257:25)
      at commitHookEffectListMount (node_modules/react-dom/cjs/react-dom.development.js:23189:26)
      at commitPassiveMountOnFiber (node_modules/react-dom/cjs/react-dom.development.js:24970:11)
      at commitPassiveMountEffects_complete (node_modules/react-dom/cjs/react-dom.development.js:24930:9)
      at commitPassiveMountEffects_begin (node_modules/react-dom/cjs/react-dom.development.js:24917:7)
      at commitPassiveMountEffects (node_modules/react-dom/cjs/react-dom.development.js:24905:3)
      at flushPassiveEffectsImpl (node_modules/react-dom/cjs/react-dom.development.js:27078:3)
      at flushPassiveEffects (node_modules/react-dom/cjs/react-dom.development.js:27023:14)
      at node_modules/react-dom/cjs/react-dom.development.js:26808:9
      at flushActQueue (node_modules/react/cjs/react.development.js:2667:24)
      at act (node_modules/react/cjs/react.development.js:2582:11)
      at node_modules/@testing-library/react/dist/act-compat.js:47:25
      at renderRoot (node_modules/@testing-library/react/dist/pure.js:190:26)
      at render (node_modules/@testing-library/react/dist/pure.js:292:10)
      at src/page-components/__tests__/AdminPage.a11y.test.jsx:11:33
      at Generator.call (src/page-components/__tests__/AdminPage.a11y.test.jsx:2:1)
      at Generator._invoke [as next] (src/page-components/__tests__/AdminPage.a11y.test.jsx:2:1)
      at asyncGeneratorStep (src/page-components/__tests__/AdminPage.a11y.test.jsx:2:1)
      at asyncGeneratorStep (src/page-components/__tests__/AdminPage.a11y.test.jsx:2:1)
      at _next (src/page-components/__tests__/AdminPage.a11y.test.jsx:2:1)
      at Object.<anonymous> (src/page-components/__tests__/AdminPage.a11y.test.jsx:2:1)

PASS src/components/__tests__/FamilyTreePage.test.jsx
PASS src/components/__tests__/MusicPlayer.test.jsx
PASS src/__tests__/App.a11y.test.jsx
  ΓùÅ Console

    console.warn
      ΓÜá∩╕Å React Router Future Flag Warning: React Router will begin wrapping state updates in `React.startTransition` in v7. You can use the `v7_startTransition` future flag to opt-in early. For more information, see https://reactrouter.com/v6/upgrading/future#v7_starttransition.

       9 | describe('App accessibility', () => {
      10 |   it('should have no accessibility violations on load', async () => {
    > 11 |     const { container } = render(
         |                                 ^
      12 |       <MemoryRouter>
      13 |         <App />
      14 |       </MemoryRouter>

      at warn (node_modules/react-router/lib/deprecations.ts:9:13)
      at warnOnce (node_modules/react-router/lib/deprecations.ts:14:3)
      at logDeprecation (node_modules/react-router/lib/deprecations.ts:26:5)
      at logV6DeprecationWarnings (node_modules/react-router/lib/components.tsx:257:25)
      at commitHookEffectListMount (node_modules/react-dom/cjs/react-dom.development.js:23189:26)
      at commitPassiveMountOnFiber (node_modules/react-dom/cjs/react-dom.development.js:24970:11)
      at commitPassiveMountEffects_complete (node_modules/react-dom/cjs/react-dom.development.js:24930:9)
      at commitPassiveMountEffects_begin (node_modules/react-dom/cjs/react-dom.development.js:24917:7)
      at commitPassiveMountEffects (node_modules/react-dom/cjs/react-dom.development.js:24905:3)
      at flushPassiveEffectsImpl (node_modules/react-dom/cjs/react-dom.development.js:27078:3)
      at flushPassiveEffects (node_modules/react-dom/cjs/react-dom.development.js:27023:14)
      at node_modules/react-dom/cjs/react-dom.development.js:26808:9
      at flushActQueue (node_modules/react/cjs/react.development.js:2667:24)
      at act (node_modules/react/cjs/react.development.js:2582:11)
      at node_modules/@testing-library/react/dist/act-compat.js:47:25
      at renderRoot (node_modules/@testing-library/react/dist/pure.js:190:26)
      at render (node_modules/@testing-library/react/dist/pure.js:292:10)
      at src/__tests__/App.a11y.test.jsx:11:33
      at Generator.call (src/__tests__/App.a11y.test.jsx:2:1)
      at Generator._invoke [as next] (src/__tests__/App.a11y.test.jsx:2:1)
      at asyncGeneratorStep (src/__tests__/App.a11y.test.jsx:2:1)
      at asyncGeneratorStep (src/__tests__/App.a11y.test.jsx:2:1)
      at _next (src/__tests__/App.a11y.test.jsx:2:1)
      at Object.<anonymous> (src/__tests__/App.a11y.test.jsx:2:1)

    console.warn
      ΓÜá∩╕Å React Router Future Flag Warning: Relative route resolution within Splat routes is changing in v7. You can use the `v7_relativeSplatPath` future flag to opt-in early. For more information, see https://reactrouter.com/v6/upgrading/future#v7_relativesplatpath.

       9 | describe('App accessibility', () => {
      10 |   it('should have no accessibility violations on load', async () => {
    > 11 |     const { container } = render(
         |                                 ^
      12 |       <MemoryRouter>
      13 |         <App />
      14 |       </MemoryRouter>

      at warn (node_modules/react-router/lib/deprecations.ts:9:13)
      at warnOnce (node_modules/react-router/lib/deprecations.ts:14:3)
      at logDeprecation (node_modules/react-router/lib/deprecations.ts:37:5)
      at logV6DeprecationWarnings (node_modules/react-router/lib/components.tsx:257:25)
      at commitHookEffectListMount (node_modules/react-dom/cjs/react-dom.development.js:23189:26)
      at commitPassiveMountOnFiber (node_modules/react-dom/cjs/react-dom.development.js:24970:11)
      at commitPassiveMountEffects_complete (node_modules/react-dom/cjs/react-dom.development.js:24930:9)
      at commitPassiveMountEffects_begin (node_modules/react-dom/cjs/react-dom.development.js:24917:7)
      at commitPassiveMountEffects (node_modules/react-dom/cjs/react-dom.development.js:24905:3)
      at flushPassiveEffectsImpl (node_modules/react-dom/cjs/react-dom.development.js:27078:3)
      at flushPassiveEffects (node_modules/react-dom/cjs/react-dom.development.js:27023:14)
      at node_modules/react-dom/cjs/react-dom.development.js:26808:9
      at flushActQueue (node_modules/react/cjs/react.development.js:2667:24)
      at act (node_modules/react/cjs/react.development.js:2582:11)
      at node_modules/@testing-library/react/dist/act-compat.js:47:25
      at renderRoot (node_modules/@testing-library/react/dist/pure.js:190:26)
      at render (node_modules/@testing-library/react/dist/pure.js:292:10)
      at src/__tests__/App.a11y.test.jsx:11:33
      at Generator.call (src/__tests__/App.a11y.test.jsx:2:1)
      at Generator._invoke [as next] (src/__tests__/App.a11y.test.jsx:2:1)
      at asyncGeneratorStep (src/__tests__/App.a11y.test.jsx:2:1)
      at asyncGeneratorStep (src/__tests__/App.a11y.test.jsx:2:1)
      at _next (src/__tests__/App.a11y.test.jsx:2:1)
      at Object.<anonymous> (src/__tests__/App.a11y.test.jsx:2:1)

PASS src/page-components/__tests__/GuestbookPage.a11y.test.jsx
  ΓùÅ Console

    console.warn
      ΓÜá∩╕Å React Router Future Flag Warning: React Router will begin wrapping state updates in `React.startTransition` in v7. You can use the `v7_startTransition` future flag to opt-in early. For more information, see https://reactrouter.com/v6/upgrading/future#v7_starttransition.

       9 | describe('GuestbookPage accessibility', () => {
      10 |   it('should have no accessibility violations on load', async () => {
    > 11 |     const { container } = render(
         |                                 ^
      12 |       <MemoryRouter>
      13 |         <GuestbookPage />
      14 |       </MemoryRouter>

      at warn (node_modules/react-router/lib/deprecations.ts:9:13)
      at warnOnce (node_modules/react-router/lib/deprecations.ts:14:3)
      at logDeprecation (node_modules/react-router/lib/deprecations.ts:26:5)
      at logV6DeprecationWarnings (node_modules/react-router/lib/components.tsx:257:25)
      at commitHookEffectListMount (node_modules/react-dom/cjs/react-dom.development.js:23189:26)
      at commitPassiveMountOnFiber (node_modules/react-dom/cjs/react-dom.development.js:24970:11)
      at commitPassiveMountEffects_complete (node_modules/react-dom/cjs/react-dom.development.js:24930:9)
      at commitPassiveMountEffects_begin (node_modules/react-dom/cjs/react-dom.development.js:24917:7)
      at commitPassiveMountEffects (node_modules/react-dom/cjs/react-dom.development.js:24905:3)
      at flushPassiveEffectsImpl (node_modules/react-dom/cjs/react-dom.development.js:27078:3)
      at flushPassiveEffects (node_modules/react-dom/cjs/react-dom.development.js:27023:14)
      at node_modules/react-dom/cjs/react-dom.development.js:26808:9
      at flushActQueue (node_modules/react/cjs/react.development.js:2667:24)
      at act (node_modules/react/cjs/react.development.js:2582:11)
      at node_modules/@testing-library/react/dist/act-compat.js:47:25
      at renderRoot (node_modules/@testing-library/react/dist/pure.js:190:26)
      at render (node_modules/@testing-library/react/dist/pure.js:292:10)
      at src/page-components/__tests__/GuestbookPage.a11y.test.jsx:11:33
      at Generator.call (src/page-components/__tests__/GuestbookPage.a11y.test.jsx:2:1)
      at Generator._invoke [as next] (src/page-components/__tests__/GuestbookPage.a11y.test.jsx:2:1)
      at asyncGeneratorStep (src/page-components/__tests__/GuestbookPage.a11y.test.jsx:2:1)
      at asyncGeneratorStep (src/page-components/__tests__/GuestbookPage.a11y.test.jsx:2:1)
      at _next (src/page-components/__tests__/GuestbookPage.a11y.test.jsx:2:1)
      at Object.<anonymous> (src/page-components/__tests__/GuestbookPage.a11y.test.jsx:2:1)

    console.warn
      ΓÜá∩╕Å React Router Future Flag Warning: Relative route resolution within Splat routes is changing in v7. You can use the `v7_relativeSplatPath` future flag to opt-in early. For more information, see https://reactrouter.com/v6/upgrading/future#v7_relativesplatpath.

       9 | describe('GuestbookPage accessibility', () => {
      10 |   it('should have no accessibility violations on load', async () => {
    > 11 |     const { container } = render(
         |                                 ^
      12 |       <MemoryRouter>
      13 |         <GuestbookPage />
      14 |       </MemoryRouter>

      at warn (node_modules/react-router/lib/deprecations.ts:9:13)
      at warnOnce (node_modules/react-router/lib/deprecations.ts:14:3)
      at logDeprecation (node_modules/react-router/lib/deprecations.ts:37:5)
      at logV6DeprecationWarnings (node_modules/react-router/lib/components.tsx:257:25)
      at commitHookEffectListMount (node_modules/react-dom/cjs/react-dom.development.js:23189:26)
      at commitPassiveMountOnFiber (node_modules/react-dom/cjs/react-dom.development.js:24970:11)
      at commitPassiveMountEffects_complete (node_modules/react-dom/cjs/react-dom.development.js:24930:9)
      at commitPassiveMountEffects_begin (node_modules/react-dom/cjs/react-dom.development.js:24917:7)
      at commitPassiveMountEffects (node_modules/react-dom/cjs/react-dom.development.js:24905:3)
      at flushPassiveEffectsImpl (node_modules/react-dom/cjs/react-dom.development.js:27078:3)
      at flushPassiveEffects (node_modules/react-dom/cjs/react-dom.development.js:27023:14)
      at node_modules/react-dom/cjs/react-dom.development.js:26808:9
      at flushActQueue (node_modules/react/cjs/react.development.js:2667:24)
      at act (node_modules/react/cjs/react.development.js:2582:11)
      at node_modules/@testing-library/react/dist/act-compat.js:47:25
      at renderRoot (node_modules/@testing-library/react/dist/pure.js:190:26)
      at render (node_modules/@testing-library/react/dist/pure.js:292:10)
      at src/page-components/__tests__/GuestbookPage.a11y.test.jsx:11:33
      at Generator.call (src/page-components/__tests__/GuestbookPage.a11y.test.jsx:2:1)
      at Generator._invoke [as next] (src/page-components/__tests__/GuestbookPage.a11y.test.jsx:2:1)
      at asyncGeneratorStep (src/page-components/__tests__/GuestbookPage.a11y.test.jsx:2:1)
      at asyncGeneratorStep (src/page-components/__tests__/GuestbookPage.a11y.test.jsx:2:1)
      at _next (src/page-components/__tests__/GuestbookPage.a11y.test.jsx:2:1)
      at Object.<anonymous> (src/page-components/__tests__/GuestbookPage.a11y.test.jsx:2:1)

    console.error
      Warning: An update to GuestbookPage inside a test was not wrapped in act(...).
      
      When testing, code that causes React state updates should be wrapped into act(...):
      
      act(() => {
        /* fire events that update state */
      });
      /* assert on the output */
      
      This ensures that you're testing the behavior the user would see in the browser. Learn more at https://reactjs.org/link/wrap-tests-with-act
          at GuestbookPage (C:\Users\Austin\Downloads\wedding-website\src\page-components\GuestbookPage.jsx:7:41)
          at basenameProp (C:\Users\Austin\Downloads\wedding-website\node_modules\react-router\lib\components.tsx:421:13)
          at basename (C:\Users\Austin\Downloads\wedding-website\node_modules\react-router\lib\components.tsx:225:3)

      19 |       try {
      20 |         const response = await getGuestbookEntries();
    > 21 |         setEntries(response.data);
         |         ^
      22 |       } catch {
      23 |         // Could not load guestbook entries. Please try again later.
      24 |       } finally {

      at printWarning (node_modules/react-dom/cjs/react-dom.development.js:86:30)
      at error (node_modules/react-dom/cjs/react-dom.development.js:60:7)
      at warnIfUpdatesNotWrappedWithActDEV (node_modules/react-dom/cjs/react-dom.development.js:27628:9)
      at scheduleUpdateOnFiber (node_modules/react-dom/cjs/react-dom.development.js:25547:5)
      at dispatchSetState (node_modules/react-dom/cjs/react-dom.development.js:16708:7)
      at setEntries (src/page-components/GuestbookPage.jsx:21:9)
      at Generator.call (src/page-components/GuestbookPage.jsx:2:1)
      at Generator._invoke [as next] (src/page-components/GuestbookPage.jsx:2:1)
      at asyncGeneratorStep (src/page-components/GuestbookPage.jsx:2:1)
      at asyncGeneratorStep (src/page-components/GuestbookPage.jsx:2:1)

    console.error
      Warning: An update to GuestbookPage inside a test was not wrapped in act(...).
      
      When testing, code that causes React state updates should be wrapped into act(...):
      
      act(() => {
        /* fire events that update state */
      });
      /* assert on the output */
      
      This ensures that you're testing the behavior the user would see in the browser. Learn more at https://reactjs.org/link/wrap-tests-with-act
          at GuestbookPage (C:\Users\Austin\Downloads\wedding-website\src\page-components\GuestbookPage.jsx:7:41)
          at basenameProp (C:\Users\Austin\Downloads\wedding-website\node_modules\react-router\lib\components.tsx:421:13)
          at basename (C:\Users\Austin\Downloads\wedding-website\node_modules\react-router\lib\components.tsx:225:3)

      23 |         // Could not load guestbook entries. Please try again later.
      24 |       } finally {
    > 25 |         setIsLoading(false);
         |         ^
      26 |       }
      27 |     };
      28 |     fetchEntries();

      at printWarning (node_modules/react-dom/cjs/react-dom.development.js:86:30)
      at error (node_modules/react-dom/cjs/react-dom.development.js:60:7)
      at warnIfUpdatesNotWrappedWithActDEV (node_modules/react-dom/cjs/react-dom.development.js:27628:9)
      at scheduleUpdateOnFiber (node_modules/react-dom/cjs/react-dom.development.js:25547:5)
      at dispatchSetState (node_modules/react-dom/cjs/react-dom.development.js:16708:7)
      at setIsLoading (src/page-components/GuestbookPage.jsx:25:9)
      at Generator.call (src/page-components/GuestbookPage.jsx:2:1)
      at Generator._invoke [as next] (src/page-components/GuestbookPage.jsx:2:1)
      at asyncGeneratorStep (src/page-components/GuestbookPage.jsx:2:1)
      at asyncGeneratorStep (src/page-components/GuestbookPage.jsx:2:1)

PASS src/page-components/__tests__/HomePage.test.jsx
  ΓùÅ Console

    console.warn
      ΓÜá∩╕Å React Router Future Flag Warning: React Router will begin wrapping state updates in `React.startTransition` in v7. You can use the `v7_startTransition` future flag to opt-in early. For more information, see https://reactrouter.com/v6/upgrading/future#v7_starttransition.

       7 | describe('HomePage', () => {
       8 |   const renderWithRouter = (component) => {
    >  9 |     return render(<MemoryRouter>{component}</MemoryRouter>);
         |                  ^
      10 |   };
      11 |
      12 |   it('renders welcome message and main CTA', () => {

      at warn (node_modules/react-router/lib/deprecations.ts:9:13)
      at warnOnce (node_modules/react-router/lib/deprecations.ts:14:3)
      at logDeprecation (node_modules/react-router/lib/deprecations.ts:26:5)
      at logV6DeprecationWarnings (node_modules/react-router/lib/components.tsx:257:25)
      at commitHookEffectListMount (node_modules/react-dom/cjs/react-dom.development.js:23189:26)
      at commitPassiveMountOnFiber (node_modules/react-dom/cjs/react-dom.development.js:24970:11)
      at commitPassiveMountEffects_complete (node_modules/react-dom/cjs/react-dom.development.js:24930:9)
      at commitPassiveMountEffects_begin (node_modules/react-dom/cjs/react-dom.development.js:24917:7)
      at commitPassiveMountEffects (node_modules/react-dom/cjs/react-dom.development.js:24905:3)
      at flushPassiveEffectsImpl (node_modules/react-dom/cjs/react-dom.development.js:27078:3)
      at flushPassiveEffects (node_modules/react-dom/cjs/react-dom.development.js:27023:14)
      at node_modules/react-dom/cjs/react-dom.development.js:26808:9
      at flushActQueue (node_modules/react/cjs/react.development.js:2667:24)
      at act (node_modules/react/cjs/react.development.js:2582:11)
      at node_modules/@testing-library/react/dist/act-compat.js:47:25
      at renderRoot (node_modules/@testing-library/react/dist/pure.js:190:26)
      at render (node_modules/@testing-library/react/dist/pure.js:292:10)
      at renderWithRouter (src/page-components/__tests__/HomePage.test.jsx:9:18)
      at Object.renderWithRouter (src/page-components/__tests__/HomePage.test.jsx:13:5)

    console.warn
      ΓÜá∩╕Å React Router Future Flag Warning: Relative route resolution within Splat routes is changing in v7. You can use the `v7_relativeSplatPath` future flag to opt-in early. For more information, see https://reactrouter.com/v6/upgrading/future#v7_relativesplatpath.

       7 | describe('HomePage', () => {
       8 |   const renderWithRouter = (component) => {
    >  9 |     return render(<MemoryRouter>{component}</MemoryRouter>);
         |                  ^
      10 |   };
      11 |
      12 |   it('renders welcome message and main CTA', () => {

      at warn (node_modules/react-router/lib/deprecations.ts:9:13)
      at warnOnce (node_modules/react-router/lib/deprecations.ts:14:3)
      at logDeprecation (node_modules/react-router/lib/deprecations.ts:37:5)
      at logV6DeprecationWarnings (node_modules/react-router/lib/components.tsx:257:25)
      at commitHookEffectListMount (node_modules/react-dom/cjs/react-dom.development.js:23189:26)
      at commitPassiveMountOnFiber (node_modules/react-dom/cjs/react-dom.development.js:24970:11)
      at commitPassiveMountEffects_complete (node_modules/react-dom/cjs/react-dom.development.js:24930:9)
      at commitPassiveMountEffects_begin (node_modules/react-dom/cjs/react-dom.development.js:24917:7)
      at commitPassiveMountEffects (node_modules/react-dom/cjs/react-dom.development.js:24905:3)
      at flushPassiveEffectsImpl (node_modules/react-dom/cjs/react-dom.development.js:27078:3)
      at flushPassiveEffects (node_modules/react-dom/cjs/react-dom.development.js:27023:14)
      at node_modules/react-dom/cjs/react-dom.development.js:26808:9
      at flushActQueue (node_modules/react/cjs/react.development.js:2667:24)
      at act (node_modules/react/cjs/react.development.js:2582:11)
      at node_modules/@testing-library/react/dist/act-compat.js:47:25
      at renderRoot (node_modules/@testing-library/react/dist/pure.js:190:26)
      at render (node_modules/@testing-library/react/dist/pure.js:292:10)
      at renderWithRouter (src/page-components/__tests__/HomePage.test.jsx:9:18)
      at Object.renderWithRouter (src/page-components/__tests__/HomePage.test.jsx:13:5)

PASS src/components/__tests__/Navbar.accessibility.test.jsx
PASS src/components/__tests__/Navbar.test.jsx
  ΓùÅ Console

    console.warn
      ΓÜá∩╕Å React Router Future Flag Warning: React Router will begin wrapping state updates in `React.startTransition` in v7. You can use the `v7_startTransition` future flag to opt-in early. For more information, see https://reactrouter.com/v6/upgrading/future#v7_starttransition.

       6 | describe('Navbar', () => {
       7 |   it('renders logo and tagline', () => {
    >  8 |     render(
         |           ^
       9 |       <MemoryRouter>
      10 |         <Navbar />
      11 |       </MemoryRouter>

      at warn (node_modules/react-router/lib/deprecations.ts:9:13)
      at warnOnce (node_modules/react-router/lib/deprecations.ts:14:3)
      at logDeprecation (node_modules/react-router/lib/deprecations.ts:26:5)
      at logV6DeprecationWarnings (node_modules/react-router/lib/components.tsx:257:25)
      at commitHookEffectListMount (node_modules/react-dom/cjs/react-dom.development.js:23189:26)
      at commitPassiveMountOnFiber (node_modules/react-dom/cjs/react-dom.development.js:24970:11)
      at commitPassiveMountEffects_complete (node_modules/react-dom/cjs/react-dom.development.js:24930:9)
      at commitPassiveMountEffects_begin (node_modules/react-dom/cjs/react-dom.development.js:24917:7)
      at commitPassiveMountEffects (node_modules/react-dom/cjs/react-dom.development.js:24905:3)
      at flushPassiveEffectsImpl (node_modules/react-dom/cjs/react-dom.development.js:27078:3)
      at flushPassiveEffects (node_modules/react-dom/cjs/react-dom.development.js:27023:14)
      at node_modules/react-dom/cjs/react-dom.development.js:26808:9
      at flushActQueue (node_modules/react/cjs/react.development.js:2667:24)
      at act (node_modules/react/cjs/react.development.js:2582:11)
      at node_modules/@testing-library/react/dist/act-compat.js:47:25
      at renderRoot (node_modules/@testing-library/react/dist/pure.js:190:26)
      at render (node_modules/@testing-library/react/dist/pure.js:292:10)
      at Object.<anonymous> (src/components/__tests__/Navbar.test.jsx:8:11)

    console.warn
      ΓÜá∩╕Å React Router Future Flag Warning: Relative route resolution within Splat routes is changing in v7. You can use the `v7_relativeSplatPath` future flag to opt-in early. For more information, see https://reactrouter.com/v6/upgrading/future#v7_relativesplatpath.

       6 | describe('Navbar', () => {
       7 |   it('renders logo and tagline', () => {
    >  8 |     render(
         |           ^
       9 |       <MemoryRouter>
      10 |         <Navbar />
      11 |       </MemoryRouter>

      at warn (node_modules/react-router/lib/deprecations.ts:9:13)
      at warnOnce (node_modules/react-router/lib/deprecations.ts:14:3)
      at logDeprecation (node_modules/react-router/lib/deprecations.ts:37:5)
      at logV6DeprecationWarnings (node_modules/react-router/lib/components.tsx:257:25)
      at commitHookEffectListMount (node_modules/react-dom/cjs/react-dom.development.js:23189:26)
      at commitPassiveMountOnFiber (node_modules/react-dom/cjs/react-dom.development.js:24970:11)
      at commitPassiveMountEffects_complete (node_modules/react-dom/cjs/react-dom.development.js:24930:9)
      at commitPassiveMountEffects_begin (node_modules/react-dom/cjs/react-dom.development.js:24917:7)
      at commitPassiveMountEffects (node_modules/react-dom/cjs/react-dom.development.js:24905:3)
      at flushPassiveEffectsImpl (node_modules/react-dom/cjs/react-dom.development.js:27078:3)
      at flushPassiveEffects (node_modules/react-dom/cjs/react-dom.development.js:27023:14)
      at node_modules/react-dom/cjs/react-dom.development.js:26808:9
      at flushActQueue (node_modules/react/cjs/react.development.js:2667:24)
      at act (node_modules/react/cjs/react.development.js:2582:11)
      at node_modules/@testing-library/react/dist/act-compat.js:47:25
      at renderRoot (node_modules/@testing-library/react/dist/pure.js:190:26)
      at render (node_modules/@testing-library/react/dist/pure.js:292:10)
      at Object.<anonymous> (src/components/__tests__/Navbar.test.jsx:8:11)

PASS src/page-components/__tests__/MapPage.test.jsx
PASS src/page-components/__tests__/GuestbookPage.error.test.jsx
PASS backend/routes/__tests__/videoRoutes.test.js
PASS src/components/__tests__/FamilyTree.test.jsx
PASS src/components/__tests__/KeepsakesSection.test.jsx
PASS src/page-components/__tests__/WeddingPartyPage.test.jsx
PASS src/components/__tests__/NotificationBanner.test.jsx
PASS src/components/__tests__/VideoModal.test.jsx
PASS src/page-components/__tests__/GuestbookPage.empty.test.jsx
PASS src/components/__tests__/AlbumPage.empty.test.jsx
PASS src/components/__tests__/TimelineSection.test.jsx
PASS src/components/__tests__/LandingPage.test.jsx
PASS src/page-components/__tests__/AdminPage.test.jsx
PASS src/components/__tests__/OrientationOverlay.test.jsx
PASS src/components/__tests__/Navbar.responsive.test.jsx
PASS src/components/__tests__/AdminDashboard.auth.test.jsx
PASS src/components/__tests__/UploadForm.error.test.jsx
PASS src/components/__tests__/AdminDashboard.session.test.jsx
PASS src/components/__tests__/LoadingScreen.test.jsx
PASS src/components/__tests__/AdminDashboard.test.jsx
PASS src/components/__tests__/LazyLoad.test.jsx
PASS src/components/__tests__/AdminDashboard.moderation.test.jsx
PASS src/services/__tests__/api.test.js
PASS backend/utils/__tests__/errorHandler.test.js
PASS backend/utils/__tests__/geo.test.js
PASS backend/utils/__tests__/asyncHandler.test.js
FAIL backend/routes/__tests__/album.test.js
  ΓùÅ Test suite failed to run

    Cannot find module '../middleware/authMiddleware.js' from 'backend/routes/__tests__/album.test.js'

      18 | }));
      19 |
    > 20 | jest.mock('../middleware/authMiddleware.js', () => ({
         |      ^
      21 |   protectAdmin: (req, res, next) => {
      22 |     if (req.headers.authorization === 'Bearer valid-token') {
      23 |       next();

      at Resolver._throwModNotFoundError (node_modules/jest-resolve/build/index.js:863:11)
      at Object.mock (backend/routes/__tests__/album.test.js:20:6)

-------------------------------|---------|----------|---------|---------|-------------------------
File                           | % Stmts | % Branch | % Funcs | % Lines | Uncovered Line #s       
-------------------------------|---------|----------|---------|---------|-------------------------
All files                      |   85.95 |    71.42 |   79.14 |   88.21 |                         
 src                           |   94.91 |       90 |    92.3 |   95.45 |                         
  App.jsx                      |    92.3 |      100 |   81.81 |   95.23 | 51                      
  OnePage.jsx                  |     100 |      100 |     100 |     100 |                         
  main.jsx                     |       0 |      100 |     100 |       0 | 7                       
  scrollFadeIn.js              |     100 |       50 |     100 |     100 | 6                       
 src/components                |   82.15 |    68.07 |      71 |   85.58 |                         
  AdminDashboard.jsx           |   59.45 |       50 |      30 |   66.66 | 32-43,76                
  ErrorBoundary.jsx            |   66.66 |       50 |      50 |   66.66 | 10,19                   
  FamilyTree.jsx               |     100 |      100 |     100 |     100 |                         
  KeepsakesSection.jsx         |     100 |      100 |     100 |     100 |                         
  LandingPage.jsx              |     100 |      100 |     100 |     100 |                         
  LoadingScreen.jsx            |     100 |      100 |     100 |     100 |                         
  MemoryWall.jsx               |     100 |       90 |     100 |     100 | 48,72                   
  ModerationCard.jsx           |      20 |        0 |       0 |      20 | 4-23,27-58              
  MusicPlayer.jsx              |   73.77 |    73.33 |   41.17 |   79.62 | 44,48,71-74,131-136     
  NotificationBanner.jsx       |     100 |      100 |     100 |     100 |                         
  OrientationOverlay.jsx       |   93.75 |      100 |   83.33 |     100 |                         
  PasswordPrompt.jsx           |     100 |      100 |     100 |     100 |                         
  PhotoGallery.jsx             |   74.35 |    76.19 |      50 |   76.31 | 24,26,30,41,45-47,51-52 
  StayInTouchSection.jsx       |     100 |      100 |     100 |     100 |                         
  ThankYouSection.jsx          |     100 |      100 |     100 |     100 |                         
  TimelineSection.jsx          |     100 |      100 |     100 |     100 |                         
  UploadForm.jsx               |   95.74 |    88.88 |     100 |   95.74 | 33-34                   
  VideoModal.jsx               |      80 |    70.83 |    90.9 |   87.87 | 29-30,32-33             
  VideoPlayer.jsx              |   96.42 |    88.88 |     100 |     100 | 12                      
  WeddingHighlightsSection.jsx |     100 |      100 |     100 |     100 |                         
 src/page-components           |   91.26 |       78 |   89.28 |   91.26 |                         
  AdminPage.jsx                |   66.66 |      100 |      50 |   66.66 | 11-12                   
  AlbumPage.jsx                |     100 |    77.77 |     100 |     100 | 28,72-82                
  FamilyTreePage.jsx           |    87.5 |       40 |      80 |    87.5 | 51                      
  GuestbookPage.jsx            |   86.84 |    88.23 |     100 |   86.84 | 48-53                   
  HomePage.jsx                 |     100 |      100 |     100 |     100 |                         
  MapPage.jsx                  |   93.75 |       75 |      75 |   93.75 | 67                      
  WeddingPartyPage.jsx         |     100 |      100 |     100 |     100 |                         
 src/services                  |     100 |       80 |     100 |     100 |                         
  api.js                       |     100 |       80 |     100 |     100 | 4                       
-------------------------------|---------|----------|---------|---------|-------------------------
Summary of all failing tests
FAIL backend/routes/__tests__/album.test.js
  ΓùÅ Test suite failed to run

    Cannot find module '../middleware/authMiddleware.js' from 'backend/routes/__tests__/album.test.js'

      18 | }));
      19 |
    > 20 | jest.mock('../middleware/authMiddleware.js', () => ({
         |      ^
      21 |   protectAdmin: (req, res, next) => {
      22 |     if (req.headers.authorization === 'Bearer valid-token') {
      23 |       next();

      at Resolver._throwModNotFoundError (node_modules/jest-resolve/build/index.js:863:11)
      at Object.mock (backend/routes/__tests__/album.test.js:20:6)


Test Suites: 1 failed, 51 passed, 52 total
Tests:       1 skipped, 172 passed, 173 total
Snapshots:   0 total
Time:        26.56 s
Ran all test suites.
